Collecting whisperx
  Downloading whisperx-3.8.6-py3-none-any.whl.metadata (16 kB)
Collecting ctranslate2>=4.5.0 (from whisperx)
  Downloading ctranslate2-4.8.2-cp312-cp312-manylinux_2_27_x86_64.manylinux_2_28_x86_64.whl.metadata (11 kB)
Collecting faster-whisper>=1.2.0 (from whisperx)
  Downloading faster_whisper-1.2.1-py3-none-any.whl.metadata (16 kB)
Collecting nltk>=3.9.1 (from whisperx)
  Using cached nltk-3.10.3-py3-none-any.whl.metadata (3.2 kB)
Requirement already satisfied: numpy>=2.1.0 in ./venv/lib/python3.12/site-packages (from whisperx) (2.5.3)
Collecting omegaconf>=2.3.0 (from whisperx)
  Using cached omegaconf-2.3.1-py3-none-any.whl.metadata (4.5 kB)
Collecting pandas>=2.2.3 (from whisperx)
  Using cached pandas-3.0.5-cp312-cp312-manylinux_2_24_x86_64.manylinux_2_28_x86_64.whl.metadata (79 kB)
Collecting pyannote-audio>=4.0.0 (from whisperx)
  Using cached pyannote_audio-4.0.7-py3-none-any.whl.metadata (13 kB)
Collecting huggingface-hub<1.0.0 (from whisperx)
  Downloading huggingface_hub-0.36.2-py3-none-any.whl.metadata (15 kB)
Collecting torch~=2.8.0 (from whisperx)
  Downloading torch-2.8.0-cp312-cp312-manylinux_2_28_x86_64.whl.metadata (30 kB)
Collecting torchaudio~=2.8.0 (from whisperx)
  Downloading torchaudio-2.8.0-cp312-cp312-manylinux_2_28_x86_64.whl.metadata (7.2 kB)
Collecting torchvision~=0.23.0 (from whisperx)
  Downloading torchvision-0.23.0-cp312-cp312-manylinux_2_28_x86_64.whl.metadata (6.1 kB)
Collecting torchcodec<0.8.0,>=0.6.0 (from whisperx)
  Downloading torchcodec-0.7.0-cp312-cp312-manylinux_2_28_x86_64.whl.metadata (9.4 kB)
Collecting transformers>=4.48.0 (from whisperx)
  Downloading transformers-5.17.0-py3-none-any.whl.metadata (32 kB)
Collecting triton>=3.3.0 (from whisperx)
  Using cached triton-3.8.0-cp312-cp312-manylinux_2_27_x86_64.manylinux_2_28_x86_64.whl.metadata (978 bytes)
Collecting filelock (from huggingface-hub<1.0.0->whisperx)
  Downloading filelock-4.0.0-py3-none-any.whl.metadata (2.0 kB)
Collecting fsspec>=2023.5.0 (from huggingface-hub<1.0.0->whisperx)
  Using cached fsspec-2026.7.0-py3-none-any.whl.metadata (10 kB)
Collecting hf-xet<2.0.0,>=1.1.3 (from huggingface-hub<1.0.0->whisperx)
  Using cached hf_xet-1.6.0-cp38-abi3-manylinux2014_x86_64.manylinux_2_17_x86_64.whl.metadata (4.9 kB)
Collecting packaging>=20.9 (from huggingface-hub<1.0.0->whisperx)
  Using cached packaging-26.3-py3-none-any.whl.metadata (3.5 kB)
Collecting pyyaml>=5.1 (from huggingface-hub<1.0.0->whisperx)
  Using cached pyyaml-6.0.3-cp312-cp312-manylinux2014_x86_64.manylinux_2_17_x86_64.manylinux_2_28_x86_64.whl.metadata (2.4 kB)
Collecting requests (from huggingface-hub<1.0.0->whisperx)
  Using cached requests-2.34.2-py3-none-any.whl.metadata (4.8 kB)
Requirement already satisfied: tqdm>=4.42.1 in ./venv/lib/python3.12/site-packages (from huggingface-hub<1.0.0->whisperx) (4.70.1)
Requirement already satisfied: typing-extensions>=3.7.4.3 in ./venv/lib/python3.12/site-packages (from huggingface-hub<1.0.0->whisperx) (4.16.0)
Collecting setuptools (from torch~=2.8.0->whisperx)
  Using cached setuptools-84.0.0-py3-none-any.whl.metadata (6.6 kB)
Collecting sympy>=1.13.3 (from torch~=2.8.0->whisperx)
  Using cached sympy-1.14.0-py3-none-any.whl.metadata (12 kB)
Requirement already satisfied: networkx in ./venv/lib/python3.12/site-packages (from torch~=2.8.0->whisperx) (3.6.1)
Collecting jinja2 (from torch~=2.8.0->whisperx)
  Using cached jinja2-3.1.6-py3-none-any.whl.metadata (2.9 kB)
Collecting nvidia-cuda-nvrtc-cu12==12.8.93 (from torch~=2.8.0->whisperx)
  Downloading nvidia_cuda_nvrtc_cu12-12.8.93-py3-none-manylinux2010_x86_64.manylinux_2_12_x86_64.whl.metadata (1.7 kB)
Collecting nvidia-cuda-runtime-cu12==12.8.90 (from torch~=2.8.0->whisperx)
  Downloading nvidia_cuda_runtime_cu12-12.8.90-py3-none-manylinux2014_x86_64.manylinux_2_17_x86_64.whl.metadata (1.7 kB)
Collecting nvidia-cuda-cupti-cu12==12.8.90 (from torch~=2.8.0->whisperx)
  Downloading nvidia_cuda_cupti_cu12-12.8.90-py3-none-manylinux2014_x86_64.manylinux_2_17_x86_64.whl.metadata (1.7 kB)
Collecting nvidia-cudnn-cu12==9.10.2.21 (from torch~=2.8.0->whisperx)
  Downloading nvidia_cudnn_cu12-9.10.2.21-py3-none-manylinux_2_27_x86_64.whl.metadata (1.8 kB)
Collecting nvidia-cublas-cu12==12.8.4.1 (from torch~=2.8.0->whisperx)
  Downloading nvidia_cublas_cu12-12.8.4.1-py3-none-manylinux_2_27_x86_64.whl.metadata (1.7 kB)
Collecting nvidia-cufft-cu12==11.3.3.83 (from torch~=2.8.0->whisperx)
  Downloading nvidia_cufft_cu12-11.3.3.83-py3-none-manylinux2014_x86_64.manylinux_2_17_x86_64.whl.metadata (1.7 kB)
Collecting nvidia-curand-cu12==10.3.9.90 (from torch~=2.8.0->whisperx)
  Downloading nvidia_curand_cu12-10.3.9.90-py3-none-manylinux_2_27_x86_64.whl.metadata (1.7 kB)
Collecting nvidia-cusolver-cu12==11.7.3.90 (from torch~=2.8.0->whisperx)
  Downloading nvidia_cusolver_cu12-11.7.3.90-py3-none-manylinux_2_27_x86_64.whl.metadata (1.8 kB)
Collecting nvidia-cusparse-cu12==12.5.8.93 (from torch~=2.8.0->whisperx)
  Downloading nvidia_cusparse_cu12-12.5.8.93-py3-none-manylinux2014_x86_64.manylinux_2_17_x86_64.whl.metadata (1.8 kB)
Collecting nvidia-cusparselt-cu12==0.7.1 (from torch~=2.8.0->whisperx)
  Downloading nvidia_cusparselt_cu12-0.7.1-py3-none-manylinux2014_x86_64.whl.metadata (7.0 kB)
Collecting nvidia-nccl-cu12==2.27.3 (from torch~=2.8.0->whisperx)
  Downloading nvidia_nccl_cu12-2.27.3-py3-none-manylinux2014_x86_64.manylinux_2_17_x86_64.whl.metadata (2.0 kB)
Collecting nvidia-nvtx-cu12==12.8.90 (from torch~=2.8.0->whisperx)
  Downloading nvidia_nvtx_cu12-12.8.90-py3-none-manylinux2014_x86_64.manylinux_2_17_x86_64.whl.metadata (1.8 kB)
Collecting nvidia-nvjitlink-cu12==12.8.93 (from torch~=2.8.0->whisperx)
  Downloading nvidia_nvjitlink_cu12-12.8.93-py3-none-manylinux2010_x86_64.manylinux_2_12_x86_64.whl.metadata (1.7 kB)
Collecting nvidia-cufile-cu12==1.13.1.3 (from torch~=2.8.0->whisperx)
  Downloading nvidia_cufile_cu12-1.13.1.3-py3-none-manylinux2014_x86_64.manylinux_2_17_x86_64.whl.metadata (1.7 kB)
Collecting triton>=3.3.0 (from whisperx)
  Downloading triton-3.4.0-cp312-cp312-manylinux_2_27_x86_64.manylinux_2_28_x86_64.whl.metadata (1.7 kB)
Requirement already satisfied: pillow!=8.3.*,>=5.3.0 in ./venv/lib/python3.12/site-packages (from torchvision~=0.23.0->whisperx) (12.3.0)
Collecting tokenizers<1,>=0.13 (from faster-whisper>=1.2.0->whisperx)
  Using cached tokenizers-0.23.2-cp310-abi3-manylinux_2_17_x86_64.manylinux2014_x86_64.whl.metadata (9.8 kB)
Collecting onnxruntime<2,>=1.14 (from faster-whisper>=1.2.0->whisperx)
  Downloading onnxruntime-1.30.0-cp312-cp312-manylinux_2_28_x86_64.whl.metadata (5.7 kB)
Requirement already satisfied: av>=11 in ./venv/lib/python3.12/site-packages (from faster-whisper>=1.2.0->whisperx) (18.1.0)
Collecting flatbuffers (from onnxruntime<2,>=1.14->faster-whisper>=1.2.0->whisperx)
  Using cached flatbuffers-25.12.19-py2.py3-none-any.whl.metadata (1.0 kB)
Collecting protobuf>=4.25.8 (from onnxruntime<2,>=1.14->faster-whisper>=1.2.0->whisperx)
  Using cached protobuf-7.36.1-cp310-abi3-manylinux2014_x86_64.whl.metadata (595 bytes)
Collecting defusedxml (from nltk>=3.9.1->whisperx)
  Using cached defusedxml-0.7.1-py2.py3-none-any.whl.metadata (32 kB)
Requirement already satisfied: click in ./venv/lib/python3.12/site-packages (from nltk>=3.9.1->whisperx) (8.5.0)
Collecting joblib (from nltk>=3.9.1->whisperx)
  Using cached joblib-1.6.0-py3-none-any.whl.metadata (6.5 kB)
Collecting regex>=2021.8.3 (from nltk>=3.9.1->whisperx)
  Downloading regex-2026.9.10-cp312-cp312-manylinux2014_x86_64.manylinux_2_17_x86_64.manylinux_2_28_x86_64.whl.metadata (40 kB)
Collecting antlr4-python3-runtime==4.9.* (from omegaconf>=2.3.0->whisperx)
  Using cached antlr4_python3_runtime-4.9.3-py3-none-any.whl
Collecting python-dateutil>=2.8.2 (from pandas>=2.2.3->whisperx)
  Using cached python_dateutil-2.9.0.post0-py2.py3-none-any.whl.metadata (8.4 kB)
Collecting asteroid-filterbanks>=0.4.0 (from pyannote-audio>=4.0.0->whisperx)
  Using cached asteroid_filterbanks-0.4.0-py3-none-any.whl.metadata (3.3 kB)
Collecting einops>=0.8.1 (from pyannote-audio>=4.0.0->whisperx)
  Using cached einops-0.8.2-py3-none-any.whl.metadata (13 kB)
Collecting lightning>=2.4 (from pyannote-audio>=4.0.0->whisperx)
  Downloading lightning-2.6.6-py3-none-any.whl.metadata (45 kB)
Collecting matplotlib>=3.10.0 (from pyannote-audio>=4.0.0->whisperx)
  Downloading matplotlib-3.11.2-cp312-cp312-manylinux2014_x86_64.manylinux_2_17_x86_64.whl.metadata (80 kB)
Collecting opentelemetry-api>=1.34.0 (from pyannote-audio>=4.0.0->whisperx)
  Using cached opentelemetry_api-1.44.0-py3-none-any.whl.metadata (1.4 kB)
Collecting opentelemetry-exporter-otlp>=1.34.0 (from pyannote-audio>=4.0.0->whisperx)
  Using cached opentelemetry_exporter_otlp-1.44.0-py3-none-any.whl.metadata (2.4 kB)
Collecting opentelemetry-sdk>=1.34.0 (from pyannote-audio>=4.0.0->whisperx)
  Using cached opentelemetry_sdk-1.44.0-py3-none-any.whl.metadata (1.6 kB)
Collecting pyannote-core>=6.0.1 (from pyannote-audio>=4.0.0->whisperx)
  Using cached pyannote_core-6.0.1-py3-none-any.whl.metadata (1.9 kB)
Collecting pyannote-database>=6.1.1 (from pyannote-audio>=4.0.0->whisperx)
  Using cached pyannote_database-6.1.1-py3-none-any.whl.metadata (30 kB)
Collecting pyannote-metrics>=4.0.0 (from pyannote-audio>=4.0.0->whisperx)
  Using cached pyannote_metrics-4.1-py3-none-any.whl.metadata (2.3 kB)
Collecting pyannote-pipeline>=4.0.0 (from pyannote-audio>=4.0.0->whisperx)
  Using cached pyannote_pipeline-4.0.0-py3-none-any.whl.metadata (5.4 kB)
Collecting pyannoteai-sdk>=0.3.0 (from pyannote-audio>=4.0.0->whisperx)
  Using cached pyannoteai_sdk-0.4.0-py3-none-any.whl.metadata (2.4 kB)
Collecting pytorch-metric-learning>=2.8.1 (from pyannote-audio>=4.0.0->whisperx)
  Using cached pytorch_metric_learning-2.9.0-py3-none-any.whl.metadata (18 kB)
Requirement already satisfied: rich>=13.9.4 in ./venv/lib/python3.12/site-packages (from pyannote-audio>=4.0.0->whisperx) (15.0.0)
Collecting safetensors>=0.5.2 (from pyannote-audio>=4.0.0->whisperx)
  Using cached safetensors-0.8.0-cp310-abi3-manylinux_2_17_x86_64.manylinux2014_x86_64.whl.metadata (4.2 kB)
Collecting torch-audiomentations>=0.12.0 (from pyannote-audio>=4.0.0->whisperx)
  Using cached torch_audiomentations-0.12.0-py3-none-any.whl.metadata (15 kB)
Collecting torchmetrics>=1.6.1 (from pyannote-audio>=4.0.0->whisperx)
  Using cached torchmetrics-1.9.0-py3-none-any.whl.metadata (23 kB)
Collecting lightning-utilities<2.0,>=0.10.0 (from lightning>=2.4->pyannote-audio>=4.0.0->whisperx)
  Using cached lightning_utilities-0.15.3-py3-none-any.whl.metadata (5.5 kB)
Collecting pytorch-lightning (from lightning>=2.4->pyannote-audio>=4.0.0->whisperx)
  Downloading pytorch_lightning-2.6.6-py3-none-any.whl.metadata (21 kB)
Collecting aiohttp!=4.0.0a0,!=4.0.0a1 (from fsspec[http]<2028.0,>=2022.5.0->lightning>=2.4->pyannote-audio>=4.0.0->whisperx)
  Using cached aiohttp-3.14.3-cp312-cp312-manylinux2014_x86_64.manylinux_2_17_x86_64.manylinux_2_28_x86_64.whl.metadata (8.3 kB)
Collecting aiohappyeyeballs>=2.5.0 (from aiohttp!=4.0.0a0,!=4.0.0a1->fsspec[http]<2028.0,>=2022.5.0->lightning>=2.4->pyannote-audio>=4.0.0->whisperx)
  Using cached aiohappyeyeballs-2.7.1-py3-none-any.whl.metadata (5.9 kB)
Collecting aiosignal>=1.4.0 (from aiohttp!=4.0.0a0,!=4.0.0a1->fsspec[http]<2028.0,>=2022.5.0->lightning>=2.4->pyannote-audio>=4.0.0->whisperx)
  Using cached aiosignal-1.4.0-py3-none-any.whl.metadata (3.7 kB)
Collecting attrs>=17.3.0 (from aiohttp!=4.0.0a0,!=4.0.0a1->fsspec[http]<2028.0,>=2022.5.0->lightning>=2.4->pyannote-audio>=4.0.0->whisperx)
  Using cached attrs-26.1.0-py3-none-any.whl.metadata (8.8 kB)
Collecting frozenlist>=1.1.1 (from aiohttp!=4.0.0a0,!=4.0.0a1->fsspec[http]<2028.0,>=2022.5.0->lightning>=2.4->pyannote-audio>=4.0.0->whisperx)
  Using cached frozenlist-1.8.0-cp312-cp312-manylinux1_x86_64.manylinux_2_28_x86_64.manylinux_2_5_x86_64.whl.metadata (20 kB)
Collecting multidict<7.0,>=4.5 (from aiohttp!=4.0.0a0,!=4.0.0a1->fsspec[http]<2028.0,>=2022.5.0->lightning>=2.4->pyannote-audio>=4.0.0->whisperx)
  Downloading multidict-6.8.0-cp312-cp312-manylinux2014_x86_64.manylinux_2_17_x86_64.manylinux_2_28_x86_64.whl.metadata (5.3 kB)
Collecting propcache>=0.2.0 (from aiohttp!=4.0.0a0,!=4.0.0a1->fsspec[http]<2028.0,>=2022.5.0->lightning>=2.4->pyannote-audio>=4.0.0->whisperx)
  Downloading propcache-0.5.4-cp312-cp312-manylinux2014_x86_64.manylinux_2_17_x86_64.manylinux_2_28_x86_64.whl.metadata (25 kB)
Collecting yarl<2.0,>=1.17.0 (from aiohttp!=4.0.0a0,!=4.0.0a1->fsspec[http]<2028.0,>=2022.5.0->lightning>=2.4->pyannote-audio>=4.0.0->whisperx)
  Downloading yarl-1.25.1-cp312-cp312-manylinux2014_x86_64.manylinux_2_17_x86_64.manylinux_2_28_x86_64.whl.metadata (111 kB)
Collecting idna>=2.0 (from yarl<2.0,>=1.17.0->aiohttp!=4.0.0a0,!=4.0.0a1->fsspec[http]<2028.0,>=2022.5.0->lightning>=2.4->pyannote-audio>=4.0.0->whisperx)
  Using cached idna-3.19-py3-none-any.whl.metadata (9.2 kB)
Collecting contourpy>=1.0.1 (from matplotlib>=3.10.0->pyannote-audio>=4.0.0->whisperx)
  Downloading contourpy-1.4.0-cp312-cp312-manylinux_2_27_x86_64.manylinux_2_28_x86_64.whl.metadata (3.8 kB)
Collecting cycler>=0.10 (from matplotlib>=3.10.0->pyannote-audio>=4.0.0->whisperx)
  Using cached cycler-0.12.1-py3-none-any.whl.metadata (3.8 kB)
Collecting fonttools>=4.28.2 (from matplotlib>=3.10.0->pyannote-audio>=4.0.0->whisperx)
  Downloading fonttools-4.65.0-cp312-cp312-manylinux2014_x86_64.manylinux_2_17_x86_64.whl.metadata (125 kB)
Collecting kiwisolver>=1.3.1 (from matplotlib>=3.10.0->pyannote-audio>=4.0.0->whisperx)
  Using cached kiwisolver-1.5.1-cp312-cp312-manylinux2014_x86_64.manylinux_2_17_x86_64.whl.metadata (5.2 kB)
Collecting pyparsing>=3 (from matplotlib>=3.10.0->pyannote-audio>=4.0.0->whisperx)
  Using cached pyparsing-3.3.2-py3-none-any.whl.metadata (5.8 kB)
Collecting opentelemetry-exporter-otlp-proto-grpc==1.44.0 (from opentelemetry-exporter-otlp>=1.34.0->pyannote-audio>=4.0.0->whisperx)
  Using cached opentelemetry_exporter_otlp_proto_grpc-1.44.0-py3-none-any.whl.metadata (2.6 kB)
Collecting opentelemetry-exporter-otlp-proto-http==1.44.0 (from opentelemetry-exporter-otlp>=1.34.0->pyannote-audio>=4.0.0->whisperx)
  Using cached opentelemetry_exporter_otlp_proto_http-1.44.0-py3-none-any.whl.metadata (2.4 kB)
Collecting googleapis-common-protos~=1.57 (from opentelemetry-exporter-otlp-proto-grpc==1.44.0->opentelemetry-exporter-otlp>=1.34.0->pyannote-audio>=4.0.0->whisperx)
  Downloading googleapis_common_protos-1.75.3-py3-none-any.whl.metadata (8.5 kB)
Collecting grpcio<2.0.0,>=1.63.2 (from opentelemetry-exporter-otlp-proto-grpc==1.44.0->opentelemetry-exporter-otlp>=1.34.0->pyannote-audio>=4.0.0->whisperx)
  Downloading grpcio-1.84.0-cp312-cp312-manylinux2014_x86_64.manylinux_2_17_x86_64.whl.metadata (3.8 kB)
Collecting opentelemetry-exporter-otlp-proto-common==1.44.0 (from opentelemetry-exporter-otlp-proto-grpc==1.44.0->opentelemetry-exporter-otlp>=1.34.0->pyannote-audio>=4.0.0->whisperx)
  Using cached opentelemetry_exporter_otlp_proto_common-1.44.0-py3-none-any.whl.metadata (1.8 kB)
Collecting opentelemetry-proto==1.44.0 (from opentelemetry-exporter-otlp-proto-grpc==1.44.0->opentelemetry-exporter-otlp>=1.34.0->pyannote-audio>=4.0.0->whisperx)
  Using cached opentelemetry_proto-1.44.0-py3-none-any.whl.metadata (2.3 kB)
Collecting opentelemetry-semantic-conventions==0.65b0 (from opentelemetry-sdk>=1.34.0->pyannote-audio>=4.0.0->whisperx)
  Using cached opentelemetry_semantic_conventions-0.65b0-py3-none-any.whl.metadata (2.4 kB)
Collecting charset_normalizer<4,>=2 (from requests->huggingface-hub<1.0.0->whisperx)
  Using cached charset_normalizer-3.5.1-cp312-cp312-manylinux2014_x86_64.manylinux_2_17_x86_64.manylinux_2_28_x86_64.whl.metadata (45 kB)
Collecting urllib3<3,>=1.26 (from requests->huggingface-hub<1.0.0->whisperx)
  Downloading urllib3-2.8.0-py3-none-any.whl.metadata (7.4 kB)
Collecting certifi>=2023.5.7 (from requests->huggingface-hub<1.0.0->whisperx)
  Using cached certifi-2026.7.22-py3-none-any.whl.metadata (2.5 kB)
Collecting sortedcontainers>=2.4.0 (from pyannote-core>=6.0.1->pyannote-audio>=4.0.0->whisperx)
  Using cached sortedcontainers-2.4.0-py2.py3-none-any.whl.metadata (10 kB)
Collecting scikit-learn>=1.6.1 (from pyannote-metrics>=4.0.0->pyannote-audio>=4.0.0->whisperx)
  Downloading scikit_learn-1.9.1-cp312-cp312-manylinux_2_27_x86_64.manylinux_2_28_x86_64.whl.metadata (9.3 kB)
Requirement already satisfied: scipy>=1.15.1 in ./venv/lib/python3.12/site-packages (from pyannote-metrics>=4.0.0->pyannote-audio>=4.0.0->whisperx) (1.18.1)
Collecting optuna>=4.2.0 (from pyannote-pipeline>=4.0.0->pyannote-audio>=4.0.0->whisperx)
  Downloading optuna-5.0.0-py3-none-any.whl.metadata (14 kB)
Collecting alembic>=1.5.0 (from optuna>=4.2.0->pyannote-pipeline>=4.0.0->pyannote-audio>=4.0.0->whisperx)
  Downloading alembic-1.20.0-py3-none-any.whl.metadata (7.3 kB)
Collecting colorlog (from optuna>=4.2.0->pyannote-pipeline>=4.0.0->pyannote-audio>=4.0.0->whisperx)
  Using cached colorlog-6.12.0-py3-none-any.whl.metadata (11 kB)
Collecting sqlalchemy>=1.4.2 (from optuna>=4.2.0->pyannote-pipeline>=4.0.0->pyannote-audio>=4.0.0->whisperx)
  Downloading sqlalchemy-2.0.54-cp312-cp312-manylinux2014_x86_64.manylinux_2_17_x86_64.manylinux_2_28_x86_64.whl.metadata (9.7 kB)
Collecting Mako (from alembic>=1.5.0->optuna>=4.2.0->pyannote-pipeline>=4.0.0->pyannote-audio>=4.0.0->whisperx)
  Using cached mako-1.4.1-py3-none-any.whl.metadata (2.9 kB)
Collecting six>=1.5 (from python-dateutil>=2.8.2->pandas>=2.2.3->whisperx)
  Using cached six-1.17.0-py2.py3-none-any.whl.metadata (1.7 kB)
Requirement already satisfied: markdown-it-py>=2.2.0 in ./venv/lib/python3.12/site-packages (from rich>=13.9.4->pyannote-audio>=4.0.0->whisperx) (4.2.0)
Requirement already satisfied: pygments<3.0.0,>=2.13.0 in ./venv/lib/python3.12/site-packages (from rich>=13.9.4->pyannote-audio>=4.0.0->whisperx) (2.21.0)
Requirement already satisfied: mdurl~=0.1 in ./venv/lib/python3.12/site-packages (from markdown-it-py>=2.2.0->rich>=13.9.4->pyannote-audio>=4.0.0->whisperx) (0.1.2)
Collecting narwhals>=2.0.1 (from scikit-learn>=1.6.1->pyannote-metrics>=4.0.0->pyannote-audio>=4.0.0->whisperx)
  Using cached narwhals-2.26.0-py3-none-any.whl.metadata (15 kB)
Collecting threadpoolctl>=3.5.0 (from scikit-learn>=1.6.1->pyannote-metrics>=4.0.0->pyannote-audio>=4.0.0->whisperx)
  Downloading threadpoolctl-3.7.0-py3-none-any.whl.metadata (24 kB)
Collecting cloudpickle>=3.0 (from joblib->nltk>=3.9.1->whisperx)
  Using cached cloudpickle-3.1.2-py3-none-any.whl.metadata (7.1 kB)
Collecting greenlet>=1 (from sqlalchemy>=1.4.2->optuna>=4.2.0->pyannote-pipeline>=4.0.0->pyannote-audio>=4.0.0->whisperx)
  Downloading greenlet-3.5.6-cp312-cp312-manylinux_2_24_x86_64.manylinux_2_28_x86_64.whl.metadata (3.8 kB)
Collecting mpmath<1.4,>=1.1.0 (from sympy>=1.13.3->torch~=2.8.0->whisperx)
  Using cached mpmath-1.3.0-py3-none-any.whl.metadata (8.6 kB)
Collecting julius<0.3,>=0.2.3 (from torch-audiomentations>=0.12.0->pyannote-audio>=4.0.0->whisperx)
  Using cached julius-0.2.8-py3-none-any.whl.metadata (7.6 kB)
Collecting torch-pitch-shift>=1.2.2 (from torch-audiomentations>=0.12.0->pyannote-audio>=4.0.0->whisperx)
  Using cached torch_pitch_shift-1.2.5-py3-none-any.whl.metadata (2.5 kB)
Collecting primePy>=1.3 (from torch-pitch-shift>=1.2.2->torch-audiomentations>=0.12.0->pyannote-audio>=4.0.0->whisperx)
  Using cached primePy-1.3-py3-none-any.whl.metadata (4.8 kB)
INFO: pip is looking at multiple versions of transformers to determine which version is compatible with other requirements. This could take a while.
Collecting transformers>=4.48.0 (from whisperx)
  Downloading transformers-5.16.1-py3-none-any.whl.metadata (32 kB)
  Downloading transformers-5.16.0-py3-none-any.whl.metadata (32 kB)
  Downloading transformers-5.15.1-py3-none-any.whl.metadata (32 kB)
  Downloading transformers-5.15.0-py3-none-any.whl.metadata (32 kB)
  Downloading transformers-5.14.1-py3-none-any.whl.metadata (32 kB)
  Downloading transformers-5.14.0-py3-none-any.whl.metadata (32 kB)
  Downloading transformers-5.13.1-py3-none-any.whl.metadata (32 kB)
INFO: pip is still looking at multiple versions of transformers to determine which version is compatible with other requirements. This could take a while.
  Downloading transformers-5.13.0-py3-none-any.whl.metadata (32 kB)
  Downloading transformers-5.12.1-py3-none-any.whl.metadata (33 kB)
  Downloading transformers-5.12.0-py3-none-any.whl.metadata (33 kB)
  Downloading transformers-5.11.0-py3-none-any.whl.metadata (33 kB)
  Downloading transformers-5.10.4-py3-none-any.whl.metadata (33 kB)
INFO: This is taking longer than usual. You might need to provide the dependency resolver with stricter constraints to reduce runtime. See https://pip.pypa.io/warnings/backtracking for guidance. If you want to abort this run, press Ctrl + C.
  Downloading transformers-5.10.2-py3-none-any.whl.metadata (33 kB)
  Downloading transformers-5.10.1-py3-none-any.whl.metadata (33 kB)
  Downloading transformers-5.9.0-py3-none-any.whl.metadata (33 kB)
  Downloading transformers-5.8.1-py3-none-any.whl.metadata (33 kB)
  Downloading transformers-5.8.0-py3-none-any.whl.metadata (33 kB)
  Downloading transformers-5.7.0-py3-none-any.whl.metadata (33 kB)
  Downloading transformers-5.6.2-py3-none-any.whl.metadata (33 kB)
  Downloading transformers-5.6.1-py3-none-any.whl.metadata (33 kB)
  Downloading transformers-5.6.0-py3-none-any.whl.metadata (33 kB)
  Downloading transformers-5.5.4-py3-none-any.whl.metadata (32 kB)
  Downloading transformers-5.5.3-py3-none-any.whl.metadata (32 kB)
  Downloading transformers-5.5.2-py3-none-any.whl.metadata (32 kB)
  Downloading transformers-5.5.1-py3-none-any.whl.metadata (32 kB)
  Downloading transformers-5.5.0-py3-none-any.whl.metadata (32 kB)
  Downloading transformers-5.4.0-py3-none-any.whl.metadata (32 kB)
  Downloading transformers-5.3.0-py3-none-any.whl.metadata (32 kB)
  Downloading transformers-5.2.0-py3-none-any.whl.metadata (32 kB)
  Downloading transformers-5.1.0-py3-none-any.whl.metadata (31 kB)
  Downloading transformers-5.0.0-py3-none-any.whl.metadata (37 kB)
  Downloading transformers-4.57.6-py3-none-any.whl.metadata (43 kB)
Collecting tokenizers<1,>=0.13 (from faster-whisper>=1.2.0->whisperx)
  Downloading tokenizers-0.22.2-cp39-abi3-manylinux_2_17_x86_64.manylinux2014_x86_64.whl.metadata (7.3 kB)
Collecting MarkupSafe>=2.0 (from jinja2->torch~=2.8.0->whisperx)
  Using cached markupsafe-3.0.3-cp312-cp312-manylinux2014_x86_64.manylinux_2_17_x86_64.manylinux_2_28_x86_64.whl.metadata (2.7 kB)
Downloading whisperx-3.8.6-py3-none-any.whl (16.5 MB)
   ━━━━━━━━━━━━━━━━━━━━━━━━━━━━━━━━━━━━━━━━ 16.5/16.5 MB 16.9 MB/s  0:00:01
Downloading huggingface_hub-0.36.2-py3-none-any.whl (566 kB)
   ━━━━━━━━━━━━━━━━━━━━━━━━━━━━━━━━━━━━━━━━ 566.4/566.4 kB 17.3 MB/s  0:00:00
Using cached hf_xet-1.6.0-cp38-abi3-manylinux2014_x86_64.manylinux_2_17_x86_64.whl (4.5 MB)
Downloading torch-2.8.0-cp312-cp312-manylinux_2_28_x86_64.whl (887.9 MB)
   ━━━━━━━━━━━━━━━━━━━━━━━━━━━━━━━━━━━━━━━━ 887.9/887.9 MB 32.5 MB/s  0:00:25
Downloading nvidia_cublas_cu12-12.8.4.1-py3-none-manylinux_2_27_x86_64.whl (594.3 MB)
   ━━━━━━━━━━━━━━━━━━━━━━━━━━━━━━━━━━━━━━━━ 594.3/594.3 MB 41.9 MB/s  0:00:13
Downloading nvidia_cuda_cupti_cu12-12.8.90-py3-none-manylinux2014_x86_64.manylinux_2_17_x86_64.whl (10.2 MB)
   ━━━━━━━━━━━━━━━━━━━━━━━━━━━━━━━━━━━━━━━━ 10.2/10.2 MB 40.6 MB/s  0:00:00
Downloading nvidia_cuda_nvrtc_cu12-12.8.93-py3-none-manylinux2010_x86_64.manylinux_2_12_x86_64.whl (88.0 MB)
   ━━━━━━━━━━━━━━━━━━━━━━━━━━━━━━━━━━━━━━━━ 88.0/88.0 MB 43.8 MB/s  0:00:02
Downloading nvidia_cuda_runtime_cu12-12.8.90-py3-none-manylinux2014_x86_64.manylinux_2_17_x86_64.whl (954 kB)
   ━━━━━━━━━━━━━━━━━━━━━━━━━━━━━━━━━━━━━━━━ 954.8/954.8 kB 25.9 MB/s  0:00:00
Downloading nvidia_cudnn_cu12-9.10.2.21-py3-none-manylinux_2_27_x86_64.whl (706.8 MB)
   ━━━━━━━━━━━━━━━━━━━━━━━━━━━━━━━━━━━━━━━━ 706.8/706.8 MB 42.1 MB/s  0:00:15
Downloading nvidia_cufft_cu12-11.3.3.83-py3-none-manylinux2014_x86_64.manylinux_2_17_x86_64.whl (193.1 MB)
   ━━━━━━━━━━━━━━━━━━━━━━━━━━━━━━━━━━━━━━━━ 193.1/193.1 MB 44.5 MB/s  0:00:04
Downloading nvidia_cufile_cu12-1.13.1.3-py3-none-manylinux2014_x86_64.manylinux_2_17_x86_64.whl (1.2 MB)
   ━━━━━━━━━━━━━━━━━━━━━━━━━━━━━━━━━━━━━━━━ 1.2/1.2 MB 28.7 MB/s  0:00:00
Downloading nvidia_curand_cu12-10.3.9.90-py3-none-manylinux_2_27_x86_64.whl (63.6 MB)
   ━━━━━━━━━━━━━━━━━━━━━━━━━━━━━━━━━━━━━━━━ 63.6/63.6 MB 43.0 MB/s  0:00:01
Downloading nvidia_cusolver_cu12-11.7.3.90-py3-none-manylinux_2_27_x86_64.whl (267.5 MB)
   ━━━━━━━━━━━━━━━━━━━━━━━━━━━━━━━━━━━━━━━━ 267.5/267.5 MB 43.0 MB/s  0:00:06
Downloading nvidia_cusparse_cu12-12.5.8.93-py3-none-manylinux2014_x86_64.manylinux_2_17_x86_64.whl (288.2 MB)
   ━━━━━━━━━━━━━━━━━━━━━━━━━━━━━━━━━━━━━━━━ 288.2/288.2 MB 41.2 MB/s  0:00:06
Downloading nvidia_cusparselt_cu12-0.7.1-py3-none-manylinux2014_x86_64.whl (287.2 MB)
   ━━━━━━━━━━━━━━━━━━━━━━━━━━━━━━━━━━━━━━━━ 287.2/287.2 MB 41.9 MB/s  0:00:06
Downloading nvidia_nccl_cu12-2.27.3-py3-none-manylinux2014_x86_64.manylinux_2_17_x86_64.whl (322.4 MB)
   ━━━━━━━━━━━━━━━━━━━━━━━━━━━━━━━━━━━━━━━━ 322.4/322.4 MB 42.9 MB/s  0:00:07
Downloading nvidia_nvjitlink_cu12-12.8.93-py3-none-manylinux2010_x86_64.manylinux_2_12_x86_64.whl (39.3 MB)
   ━━━━━━━━━━━━━━━━━━━━━━━━━━━━━━━━━━━━━━━━ 39.3/39.3 MB 43.0 MB/s  0:00:00
Downloading nvidia_nvtx_cu12-12.8.90-py3-none-manylinux2014_x86_64.manylinux_2_17_x86_64.whl (89 kB)
Downloading triton-3.4.0-cp312-cp312-manylinux_2_27_x86_64.manylinux_2_28_x86_64.whl (155.6 MB)
   ━━━━━━━━━━━━━━━━━━━━━━━━━━━━━━━━━━━━━━━━ 155.6/155.6 MB 36.0 MB/s  0:00:04
Downloading torchaudio-2.8.0-cp312-cp312-manylinux_2_28_x86_64.whl (4.0 MB)
   ━━━━━━━━━━━━━━━━━━━━━━━━━━━━━━━━━━━━━━━━ 4.0/4.0 MB 33.7 MB/s  0:00:00
Downloading torchcodec-0.7.0-cp312-cp312-manylinux_2_28_x86_64.whl (1.4 MB)
   ━━━━━━━━━━━━━━━━━━━━━━━━━━━━━━━━━━━━━━━━ 1.4/1.4 MB 27.5 MB/s  0:00:00
Downloading torchvision-0.23.0-cp312-cp312-manylinux_2_28_x86_64.whl (8.6 MB)
   ━━━━━━━━━━━━━━━━━━━━━━━━━━━━━━━━━━━━━━━━ 8.6/8.6 MB 35.2 MB/s  0:00:00
Downloading ctranslate2-4.8.2-cp312-cp312-manylinux_2_27_x86_64.manylinux_2_28_x86_64.whl (39.6 MB)
   ━━━━━━━━━━━━━━━━━━━━━━━━━━━━━━━━━━━━━━━━ 39.6/39.6 MB 41.5 MB/s  0:00:00
Using cached pyyaml-6.0.3-cp312-cp312-manylinux2014_x86_64.manylinux_2_17_x86_64.manylinux_2_28_x86_64.whl (807 kB)
Downloading faster_whisper-1.2.1-py3-none-any.whl (1.1 MB)
   ━━━━━━━━━━━━━━━━━━━━━━━━━━━━━━━━━━━━━━━━ 1.1/1.1 MB 23.9 MB/s  0:00:00
Downloading onnxruntime-1.30.0-cp312-cp312-manylinux_2_28_x86_64.whl (23.6 MB)
   ━━━━━━━━━━━━━━━━━━━━━━━━━━━━━━━━━━━━━━━━ 23.6/23.6 MB 42.2 MB/s  0:00:00
Using cached fsspec-2026.7.0-py3-none-any.whl (206 kB)
Using cached nltk-3.10.3-py3-none-any.whl (1.8 MB)
Using cached omegaconf-2.3.1-py3-none-any.whl (79 kB)
Using cached packaging-26.3-py3-none-any.whl (129 kB)
Using cached pandas-3.0.5-cp312-cp312-manylinux_2_24_x86_64.manylinux_2_28_x86_64.whl (11.0 MB)
Using cached protobuf-7.36.1-cp310-abi3-manylinux2014_x86_64.whl (343 kB)
Using cached pyannote_audio-4.0.7-py3-none-any.whl (894 kB)
Using cached asteroid_filterbanks-0.4.0-py3-none-any.whl (29 kB)
Using cached einops-0.8.2-py3-none-any.whl (65 kB)
Downloading lightning-2.6.6-py3-none-any.whl (849 kB)
   ━━━━━━━━━━━━━━━━━━━━━━━━━━━━━━━━━━━━━━━━ 849.3/849.3 kB 20.8 MB/s  0:00:00
Using cached lightning_utilities-0.15.3-py3-none-any.whl (31 kB)
Using cached torchmetrics-1.9.0-py3-none-any.whl (983 kB)
Using cached aiohttp-3.14.3-cp312-cp312-manylinux2014_x86_64.manylinux_2_17_x86_64.manylinux_2_28_x86_64.whl (1.8 MB)
Downloading multidict-6.8.0-cp312-cp312-manylinux2014_x86_64.manylinux_2_17_x86_64.manylinux_2_28_x86_64.whl (287 kB)
Downloading yarl-1.25.1-cp312-cp312-manylinux2014_x86_64.manylinux_2_17_x86_64.manylinux_2_28_x86_64.whl (117 kB)
Using cached aiohappyeyeballs-2.7.1-py3-none-any.whl (15 kB)
Using cached aiosignal-1.4.0-py3-none-any.whl (7.5 kB)
Using cached attrs-26.1.0-py3-none-any.whl (67 kB)
Using cached frozenlist-1.8.0-cp312-cp312-manylinux1_x86_64.manylinux_2_28_x86_64.manylinux_2_5_x86_64.whl (242 kB)
Using cached idna-3.19-py3-none-any.whl (68 kB)
Downloading matplotlib-3.11.2-cp312-cp312-manylinux2014_x86_64.manylinux_2_17_x86_64.whl (9.9 MB)
   ━━━━━━━━━━━━━━━━━━━━━━━━━━━━━━━━━━━━━━━━ 9.9/9.9 MB 39.7 MB/s  0:00:00
Downloading contourpy-1.4.0-cp312-cp312-manylinux_2_27_x86_64.manylinux_2_28_x86_64.whl (383 kB)
Using cached cycler-0.12.1-py3-none-any.whl (8.3 kB)
Downloading fonttools-4.65.0-cp312-cp312-manylinux2014_x86_64.manylinux_2_17_x86_64.whl (5.4 MB)
   ━━━━━━━━━━━━━━━━━━━━━━━━━━━━━━━━━━━━━━━━ 5.4/5.4 MB 37.1 MB/s  0:00:00
Using cached kiwisolver-1.5.1-cp312-cp312-manylinux2014_x86_64.manylinux_2_17_x86_64.whl (1.5 MB)
Using cached opentelemetry_api-1.44.0-py3-none-any.whl (60 kB)
Using cached opentelemetry_exporter_otlp-1.44.0-py3-none-any.whl (6.7 kB)
Using cached opentelemetry_exporter_otlp_proto_grpc-1.44.0-py3-none-any.whl (19 kB)
Using cached opentelemetry_exporter_otlp_proto_common-1.44.0-py3-none-any.whl (17 kB)
Using cached opentelemetry_exporter_otlp_proto_http-1.44.0-py3-none-any.whl (21 kB)
Using cached opentelemetry_proto-1.44.0-py3-none-any.whl (72 kB)
Downloading googleapis_common_protos-1.75.3-py3-none-any.whl (306 kB)
Downloading grpcio-1.84.0-cp312-cp312-manylinux2014_x86_64.manylinux_2_17_x86_64.whl (7.2 MB)
   ━━━━━━━━━━━━━━━━━━━━━━━━━━━━━━━━━━━━━━━━ 7.2/7.2 MB 39.0 MB/s  0:00:00
Using cached opentelemetry_sdk-1.44.0-py3-none-any.whl (137 kB)
Using cached opentelemetry_semantic_conventions-0.65b0-py3-none-any.whl (204 kB)
Using cached requests-2.34.2-py3-none-any.whl (73 kB)
Using cached charset_normalizer-3.5.1-cp312-cp312-manylinux2014_x86_64.manylinux_2_17_x86_64.manylinux_2_28_x86_64.whl (248 kB)
Downloading urllib3-2.8.0-py3-none-any.whl (135 kB)
Using cached certifi-2026.7.22-py3-none-any.whl (136 kB)
Downloading propcache-0.5.4-cp312-cp312-manylinux2014_x86_64.manylinux_2_17_x86_64.manylinux_2_28_x86_64.whl (250 kB)
Using cached pyannote_core-6.0.1-py3-none-any.whl (57 kB)
Using cached pyannote_database-6.1.1-py3-none-any.whl (53 kB)
Using cached pyannote_metrics-4.1-py3-none-any.whl (52 kB)
Using cached pyannote_pipeline-4.0.0-py3-none-any.whl (22 kB)
Downloading filelock-4.0.0-py3-none-any.whl (106 kB)
Downloading optuna-5.0.0-py3-none-any.whl (442 kB)
Downloading alembic-1.20.0-py3-none-any.whl (268 kB)
Using cached pyannoteai_sdk-0.4.0-py3-none-any.whl (8.9 kB)
Using cached pyparsing-3.3.2-py3-none-any.whl (122 kB)
Using cached python_dateutil-2.9.0.post0-py2.py3-none-any.whl (229 kB)
Using cached pytorch_metric_learning-2.9.0-py3-none-any.whl (127 kB)
Downloading regex-2026.9.10-cp312-cp312-manylinux2014_x86_64.manylinux_2_17_x86_64.manylinux_2_28_x86_64.whl (804 kB)
   ━━━━━━━━━━━━━━━━━━━━━━━━━━━━━━━━━━━━━━━━ 804.6/804.6 kB 20.2 MB/s  0:00:00
Using cached safetensors-0.8.0-cp310-abi3-manylinux_2_17_x86_64.manylinux2014_x86_64.whl (516 kB)
Downloading scikit_learn-1.9.1-cp312-cp312-manylinux_2_27_x86_64.manylinux_2_28_x86_64.whl (9.2 MB)
   ━━━━━━━━━━━━━━━━━━━━━━━━━━━━━━━━━━━━━━━━ 9.2/9.2 MB 39.3 MB/s  0:00:00
Using cached joblib-1.6.0-py3-none-any.whl (306 kB)
Using cached cloudpickle-3.1.2-py3-none-any.whl (22 kB)
Using cached narwhals-2.26.0-py3-none-any.whl (474 kB)
Using cached setuptools-84.0.0-py3-none-any.whl (818 kB)
Using cached six-1.17.0-py2.py3-none-any.whl (11 kB)
Using cached sortedcontainers-2.4.0-py2.py3-none-any.whl (29 kB)
Downloading sqlalchemy-2.0.54-cp312-cp312-manylinux2014_x86_64.manylinux_2_17_x86_64.manylinux_2_28_x86_64.whl (3.5 MB)
   ━━━━━━━━━━━━━━━━━━━━━━━━━━━━━━━━━━━━━━━━ 3.5/3.5 MB 37.1 MB/s  0:00:00
Downloading greenlet-3.5.6-cp312-cp312-manylinux_2_24_x86_64.manylinux_2_28_x86_64.whl (621 kB)
   ━━━━━━━━━━━━━━━━━━━━━━━━━━━━━━━━━━━━━━━━ 621.4/621.4 kB 15.2 MB/s  0:00:00
Using cached sympy-1.14.0-py3-none-any.whl (6.3 MB)
Using cached mpmath-1.3.0-py3-none-any.whl (536 kB)
Downloading threadpoolctl-3.7.0-py3-none-any.whl (26 kB)
Using cached torch_audiomentations-0.12.0-py3-none-any.whl (48 kB)
Using cached julius-0.2.8-py3-none-any.whl (21 kB)
Using cached torch_pitch_shift-1.2.5-py3-none-any.whl (5.0 kB)
Using cached primePy-1.3-py3-none-any.whl (4.0 kB)
Downloading transformers-4.57.6-py3-none-any.whl (12.0 MB)
   ━━━━━━━━━━━━━━━━━━━━━━━━━━━━━━━━━━━━━━━━ 12.0/12.0 MB 40.7 MB/s  0:00:00
Downloading tokenizers-0.22.2-cp39-abi3-manylinux_2_17_x86_64.manylinux2014_x86_64.whl (3.3 MB)
   ━━━━━━━━━━━━━━━━━━━━━━━━━━━━━━━━━━━━━━━━ 3.3/3.3 MB 36.5 MB/s  0:00:00
Using cached colorlog-6.12.0-py3-none-any.whl (12 kB)
Using cached defusedxml-0.7.1-py2.py3-none-any.whl (25 kB)
Using cached flatbuffers-25.12.19-py2.py3-none-any.whl (26 kB)
Using cached jinja2-3.1.6-py3-none-any.whl (134 kB)
Using cached markupsafe-3.0.3-cp312-cp312-manylinux2014_x86_64.manylinux_2_17_x86_64.manylinux_2_28_x86_64.whl (22 kB)
Using cached mako-1.4.1-py3-none-any.whl (80 kB)
Downloading pytorch_lightning-2.6.6-py3-none-any.whl (853 kB)
   ━━━━━━━━━━━━━━━━━━━━━━━━━━━━━━━━━━━━━━━━ 853.0/853.0 kB 22.3 MB/s  0:00:00
Installing collected packages: sortedcontainers, primePy, nvidia-cusparselt-cu12, mpmath, flatbuffers, antlr4-python3-runtime, urllib3, torchcodec, threadpoolctl, sympy, six, setuptools, safetensors, regex, pyyaml, pyparsing, protobuf, propcache, packaging, opentelemetry-api, nvidia-nvtx-cu12, nvidia-nvjitlink-cu12, nvidia-nccl-cu12, nvidia-curand-cu12, nvidia-cufile-cu12, nvidia-cuda-runtime-cu12, nvidia-cuda-nvrtc-cu12, nvidia-cuda-cupti-cu12, nvidia-cublas-cu12, narwhals, multidict, MarkupSafe, kiwisolver, idna, hf-xet, grpcio, greenlet, fsspec, frozenlist, fonttools, filelock, einops, defusedxml, cycler, contourpy, colorlog, cloudpickle, charset_normalizer, certifi, attrs, aiohappyeyeballs, yarl, triton, sqlalchemy, requests, python-dateutil, opentelemetry-semantic-conventions, opentelemetry-proto, onnxruntime, omegaconf, nvidia-cusparse-cu12, nvidia-cufft-cu12, nvidia-cudnn-cu12, Mako, lightning-utilities, joblib, jinja2, googleapis-common-protos, ctranslate2, aiosignal, scikit-learn, pyannoteai-sdk, pandas, opentelemetry-sdk, opentelemetry-exporter-otlp-proto-common, nvidia-cusolver-cu12, nltk, matplotlib, huggingface-hub, alembic, aiohttp, torch, tokenizers, pyannote-core, optuna, opentelemetry-exporter-otlp-proto-http, opentelemetry-exporter-otlp-proto-grpc, transformers, torchvision, torchmetrics, torchaudio, pytorch-metric-learning, pyannote-database, opentelemetry-exporter-otlp, julius, faster-whisper, asteroid-filterbanks, torch-pitch-shift, pytorch-lightning, pyannote-pipeline, pyannote-metrics, torch-audiomentations, lightning, pyannote-audio, whisperx

Successfully installed Mako-1.4.1 MarkupSafe-3.0.3 aiohappyeyeballs-2.7.1 aiohttp-3.14.3 aiosignal-1.4.0 alembic-1.20.0 antlr4-python3-runtime-4.9.3 asteroid-filterbanks-0.4.0 attrs-26.1.0 certifi-2026.7.22 charset_normalizer-3.5.1 cloudpickle-3.1.2 colorlog-6.12.0 contourpy-1.4.0 ctranslate2-4.8.2 cycler-0.12.1 defusedxml-0.7.1 einops-0.8.2 faster-whisper-1.2.1 filelock-4.0.0 flatbuffers-25.12.19 fonttools-4.65.0 frozenlist-1.8.0 fsspec-2026.7.0 googleapis-common-protos-1.75.3 greenlet-3.5.6 grpcio-1.84.0 hf-xet-1.6.0 huggingface-hub-0.36.2 idna-3.19 jinja2-3.1.6 joblib-1.6.0 julius-0.2.8 kiwisolver-1.5.1 lightning-2.6.6 lightning-utilities-0.15.3 matplotlib-3.11.2 mpmath-1.3.0 multidict-6.8.0 narwhals-2.26.0 nltk-3.10.3 nvidia-cublas-cu12-12.8.4.1 nvidia-cuda-cupti-cu12-12.8.90 nvidia-cuda-nvrtc-cu12-12.8.93 nvidia-cuda-runtime-cu12-12.8.90 nvidia-cudnn-cu12-9.10.2.21 nvidia-cufft-cu12-11.3.3.83 nvidia-cufile-cu12-1.13.1.3 nvidia-curand-cu12-10.3.9.90 nvidia-cusolver-cu12-11.7.3.90 nvidia-cusparse-cu12-12.5.8.93 nvidia-cusparselt-cu12-0.7.1 nvidia-nccl-cu12-2.27.3 nvidia-nvjitlink-cu12-12.8.93 nvidia-nvtx-cu12-12.8.90 omegaconf-2.3.1 onnxruntime-1.30.0 opentelemetry-api-1.44.0 opentelemetry-exporter-otlp-1.44.0 opentelemetry-exporter-otlp-proto-common-1.44.0 opentelemetry-exporter-otlp-proto-grpc-1.44.0 opentelemetry-exporter-otlp-proto-http-1.44.0 opentelemetry-proto-1.44.0 opentelemetry-sdk-1.44.0 opentelemetry-semantic-conventions-0.65b0 optuna-5.0.0 packaging-26.3 pandas-3.0.5 primePy-1.3 propcache-0.5.4 protobuf-7.36.1 pyannote-audio-4.0.7 pyannote-core-6.0.1 pyannote-database-6.1.1 pyannote-metrics-4.1 pyannote-pipeline-4.0.0 pyannoteai-sdk-0.4.0 pyparsing-3.3.2 python-dateutil-2.9.0.post0 pytorch-lightning-2.6.6 pytorch-metric-learning-2.9.0 pyyaml-6.0.3 regex-2026.9.10 requests-2.34.2 safetensors-0.8.0 scikit-learn-1.9.1 setuptools-84.0.0 six-1.17.0 sortedcontainers-2.4.0 sqlalchemy-2.0.54 sympy-1.14.0 threadpoolctl-3.7.0 tokenizers-0.22.2 torch-2.8.0 torch-audiomentations-0.12.0 torch-pitch-shift-1.2.5 torchaudio-2.8.0 torchcodec-0.7.0 torchmetrics-1.9.0 torchvision-0.23.0 transformers-4.57.6 triton-3.4.0 urllib3-2.8.0 whisperx-3.8.6 yarl-1.25.1
EXIT=0
